Archive member included to satisfy reference by file (symbol)

c:/nxp/mcuxpressoide_10.1.0_589/ide/tools/bin/../lib/gcc/arm-none-eabi/6.3.1/../../../../arm-none-eabi/lib/thumb/v7e-m/fpv4-sp/hard\libcr_semihost_nf.a(_cr__main.o)
                              ./startup/startup_mk64f12.o (__main)
c:/nxp/mcuxpressoide_10.1.0_589/ide/tools/bin/../lib/gcc/arm-none-eabi/6.3.1/../../../../arm-none-eabi/lib/thumb/v7e-m/fpv4-sp/hard\libcr_c.a(memcpy.o)
                              ./drivers/fsl_flash.o (memcpy)
c:/nxp/mcuxpressoide_10.1.0_589/ide/tools/bin/../lib/gcc/arm-none-eabi/6.3.1/../../../../arm-none-eabi/lib/thumb/v7e-m/fpv4-sp/hard\libcr_c.a(memset.o)
                              ./drivers/fsl_flash.o (memset)
c:/nxp/mcuxpressoide_10.1.0_589/ide/tools/bin/../lib/gcc/arm-none-eabi/6.3.1/../../../../arm-none-eabi/lib/thumb/v7e-m/fpv4-sp/hard\libcr_c.a(alloc.o)
                              ./source/telemetry/telemetry.o (malloc)
c:/nxp/mcuxpressoide_10.1.0_589/ide/tools/bin/../lib/gcc/arm-none-eabi/6.3.1/../../../../arm-none-eabi/lib/thumb/v7e-m/fpv4-sp/hard\libcr_c.a(initio.o)
                              c:/nxp/mcuxpressoide_10.1.0_589/ide/tools/bin/../lib/gcc/arm-none-eabi/6.3.1/../../../../arm-none-eabi/lib/thumb/v7e-m/fpv4-sp/hard\libcr_semihost_nf.a(_cr__main.o) (_initio)
c:/nxp/mcuxpressoide_10.1.0_589/ide/tools/bin/../lib/gcc/arm-none-eabi/6.3.1/../../../../arm-none-eabi/lib/thumb/v7e-m/fpv4-sp/hard\libcr_c.a(setvbuf.o)
                              c:/nxp/mcuxpressoide_10.1.0_589/ide/tools/bin/../lib/gcc/arm-none-eabi/6.3.1/../../../../arm-none-eabi/lib/thumb/v7e-m/fpv4-sp/hard\libcr_c.a(initio.o) (setvbuf)
c:/nxp/mcuxpressoide_10.1.0_589/ide/tools/bin/../lib/gcc/arm-none-eabi/6.3.1/../../../../arm-none-eabi/lib/thumb/v7e-m/fpv4-sp/hard\libcr_c.a(strcmp.o)
                              ./source/telemetry/telemetry.o (strcmp)
c:/nxp/mcuxpressoide_10.1.0_589/ide/tools/bin/../lib/gcc/arm-none-eabi/6.3.1/../../../../arm-none-eabi/lib/thumb/v7e-m/fpv4-sp/hard\libcr_c.a(strcpy.o)
                              ./source/telemetry/telemetry.o (strcpy)
c:/nxp/mcuxpressoide_10.1.0_589/ide/tools/bin/../lib/gcc/arm-none-eabi/6.3.1/../../../../arm-none-eabi/lib/thumb/v7e-m/fpv4-sp/hard\libcr_c.a(strlen.o)
                              ./utilities/fsl_str.o (strlen)
c:/nxp/mcuxpressoide_10.1.0_589/ide/tools/bin/../lib/gcc/arm-none-eabi/6.3.1/../../../../arm-none-eabi/lib/thumb/v7e-m/fpv4-sp/hard\libcr_c.a(__init_alloc.o)
                              c:/nxp/mcuxpressoide_10.1.0_589/ide/tools/bin/../lib/gcc/arm-none-eabi/6.3.1/../../../../arm-none-eabi/lib/thumb/v7e-m/fpv4-sp/hard\libcr_c.a(alloc.o) (__heaps)
c:/nxp/mcuxpressoide_10.1.0_589/ide/tools/bin/../lib/gcc/arm-none-eabi/6.3.1/../../../../arm-none-eabi/lib/thumb/v7e-m/fpv4-sp/hard\libcr_c.a(_cr_sbrk.o)
                              c:/nxp/mcuxpressoide_10.1.0_589/ide/tools/bin/../lib/gcc/arm-none-eabi/6.3.1/../../../../arm-none-eabi/lib/thumb/v7e-m/fpv4-sp/hard\libcr_c.a(alloc.o) (_sbrk)
c:/nxp/mcuxpressoide_10.1.0_589/ide/tools/bin/../lib/gcc/arm-none-eabi/6.3.1/../../../../arm-none-eabi/lib/thumb/v7e-m/fpv4-sp/hard\libcr_c.a(_fdopen.o)
                              c:/nxp/mcuxpressoide_10.1.0_589/ide/tools/bin/../lib/gcc/arm-none-eabi/6.3.1/../../../../arm-none-eabi/lib/thumb/v7e-m/fpv4-sp/hard\libcr_c.a(initio.o) (_fdopen)
c:/nxp/mcuxpressoide_10.1.0_589/ide/tools/bin/../lib/gcc/arm-none-eabi/6.3.1/../../../../arm-none-eabi/lib/thumb/v7e-m/fpv4-sp/hard\libcr_c.a(errno.o)
                              c:/nxp/mcuxpressoide_10.1.0_589/ide/tools/bin/../lib/gcc/arm-none-eabi/6.3.1/../../../../arm-none-eabi/lib/thumb/v7e-m/fpv4-sp/hard\libcr_c.a(_cr_sbrk.o) (errno)
c:/nxp/mcuxpressoide_10.1.0_589/ide/tools/bin/../lib/gcc/arm-none-eabi/6.3.1/../../../../arm-none-eabi/lib/thumb/v7e-m/fpv4-sp/hard\libcr_c.a(fclose.o)
                              c:/nxp/mcuxpressoide_10.1.0_589/ide/tools/bin/../lib/gcc/arm-none-eabi/6.3.1/../../../../arm-none-eabi/lib/thumb/v7e-m/fpv4-sp/hard\libcr_c.a(initio.o) (fclose)
c:/nxp/mcuxpressoide_10.1.0_589/ide/tools/bin/../lib/gcc/arm-none-eabi/6.3.1/../../../../arm-none-eabi/lib/thumb/v7e-m/fpv4-sp/hard\libcr_c.a(fflush.o)
                              c:/nxp/mcuxpressoide_10.1.0_589/ide/tools/bin/../lib/gcc/arm-none-eabi/6.3.1/../../../../arm-none-eabi/lib/thumb/v7e-m/fpv4-sp/hard\libcr_c.a(fclose.o) (fflush)
c:/nxp/mcuxpressoide_10.1.0_589/ide/tools/bin/../lib/gcc/arm-none-eabi/6.3.1/../../../../arm-none-eabi/lib/thumb/v7e-m/fpv4-sp/hard\libcr_c.a(fseek.o)
                              c:/nxp/mcuxpressoide_10.1.0_589/ide/tools/bin/../lib/gcc/arm-none-eabi/6.3.1/../../../../arm-none-eabi/lib/thumb/v7e-m/fpv4-sp/hard\libcr_c.a(_fdopen.o) (fseek)
c:/nxp/mcuxpressoide_10.1.0_589/ide/tools/bin/../lib/gcc/arm-none-eabi/6.3.1/../../../../arm-none-eabi/lib/thumb/v7e-m/fpv4-sp/hard\libcr_c.a(ftell.o)
[...]
Memory Configuration

Name             Origin             Length             Attributes
PROGRAM_FLASH    0x00000000         0x00100000         xr
SRAM_UPPER       0x20000000         0x00030000         xrw
SRAM_LOWER       0x1fff0000         0x00010000         xrw
FLEX_RAM         0x14000000         0x00001000         xrw
*default*        0x00000000         0xffffffff

Linker script and memory map

LOAD ./utilities/fsl_assert.o
LOAD ./utilities/fsl_debug_console.o
LOAD ./utilities/fsl_io.o
LOAD ./utilities/fsl_log.o
LOAD ./utilities/fsl_str.o
LOAD ./startup/startup_mk64f12.o
LOAD ./source/telemetry/telemetry.o
LOAD ./source/telemetry/telemetry_uart.o
LOAD ./source/main.o
LOAD ./source/semihost_hardfault.o
LOAD ./drivers/fsl_clock.o
LOAD ./drivers/fsl_common.o
LOAD ./drivers/fsl_flash.o
LOAD ./drivers/fsl_gpio.o
LOAD ./drivers/fsl_smc.o
LOAD ./drivers/fsl_uart.o
LOAD ./board/board.o
LOAD ./board/clock_config.o
LOAD ./board/pin_mux.o
LOAD ./CMSIS/system_MK64F12.o
START GROUP
LOAD c:/nxp/mcuxpressoide_10.1.0_589/ide/tools/bin/../lib/gcc/arm-none-eabi/6.3.1/../../../../arm-none-eabi/lib/thumb/v7e-m/fpv4-sp/hard\libcr_semihost_nf.a
LOAD c:/nxp/mcuxpressoide_10.1.0_589/ide/tools/bin/../lib/gcc/arm-none-eabi/6.3.1/../../../../arm-none-eabi/lib/thumb/v7e-m/fpv4-sp/hard\libcr_c.a
LOAD c:/nxp/mcuxpressoide_10.1.0_589/ide/tools/bin/../lib/gcc/arm-none-eabi/6.3.1/thumb/v7e-m/fpv4-sp/hard\libcr_eabihelpers.a
END GROUP
                0x00000000                __base_PROGRAM_FLASH = 0x0
                0x00000000                __base_Flash = 0x0
                0x00100000                __top_PROGRAM_FLASH = 0x100000
                0x00100000                __top_Flash = 0x100000
                0x20000000                __base_SRAM_UPPER = 0x20000000
                0x20000000                __base_RAM = 0x20000000
                0x20030000                __top_SRAM_UPPER = 0x20030000
                0x20030000                __top_RAM = 0x20030000
                0x1fff0000                __base_SRAM_LOWER = 0x1fff0000
                0x1fff0000                __base_RAM2 = 0x1fff0000
                0x20000000                __top_SRAM_LOWER = 0x20000000
                0x20000000                __top_RAM2 = 0x20000000
                0x14000000                __base_FLEX_RAM = 0x14000000
                0x14000000                __base_RAM3 = 0x14000000
                0x14001000                __top_FLEX_RAM = 0x14001000
                0x14001000                __top_RAM3 = 0x14001000

.text           0x00000000     0x1d88
 FILL mask 0xff
                0x00000000                __vectors_start__ = ABSOLUTE (.)
 *(.isr_vector)
 .isr_vector    0x00000000      0x198 ./startup/startup_mk64f12.o
                0x00000000                g_pfnVectors
                0x00000000                __Vectors
                0x00000198                . = ALIGN (0x4)
                0x00000198                __section_table_start = .
                0x00000198                __data_section_table = .
                0x00000198        0x4 LONG 0x1d88 LOADADDR (.data)
                0x0000019c        0x4 LONG 0x20000000 ADDR (.data)
                0x000001a0        0x4 LONG 0xc SIZEOF (.data)
                0x000001a4        0x4 LONG 0x1d88 LOADADDR (.data_RAM2)
                0x000001a8        0x4 LONG 0x1fff0000 ADDR (.data_RAM2)
                0x000001ac        0x4 LONG 0x0 SIZEOF (.data_RAM2)
                0x000001b0        0x4 LONG 0x1d88 LOADADDR (.data_RAM3)
                0x000001b4        0x4 LONG 0x14000000 ADDR (.data_RAM3)
                0x000001b8        0x4 LONG 0x0 SIZEOF (.data_RAM3)
                0x000001bc                __data_section_table_end = .
                0x000001bc                __bss_section_table = .
                0x000001bc        0x4 LONG 0x2000000c ADDR (.bss)
                0x000001c0        0x4 LONG 0x468 SIZEOF (.bss)
                0x000001c4        0x4 LONG 0x1fff0000 ADDR (.bss_RAM2)
                0x000001c8        0x4 LONG 0x0 SIZEOF (.bss_RAM2)
                0x000001cc        0x4 LONG 0x14000000 ADDR (.bss_RAM3)
                0x000001d0        0x4 LONG 0x0 SIZEOF (.bss_RAM3)
                0x000001d4                __bss_section_table_end = .
                0x000001d4                __section_table_end = .
 *(.after_vectors*)
 .after_vectors
                0x000001d4       0x14 ./startup/startup_mk64f12.o
                0x000001d4                NMI_Handler
                0x000001d8                MemManage_Handler
                0x000001da                BusFault_Handler
                0x000001dc                UsageFault_Handler
                0x000001de                SVC_Handler
                0x000001e0                DebugMon_Handler
                0x000001e2                PendSV_Handler
                0x000001e4                SysTick_Handler
                0x000001e6                DMA_Error_DriverIRQHandler
                0x000001e6                LPTMR0_DriverIRQHandler
                0x000001e6                FTM1_DriverIRQHandler
                0x000001e6                FTM2_DriverIRQHandler
                0x000001e6                PIT2_DriverIRQHandler
                0x000001e6                SDHC_DriverIRQHandler
                0x000001e6                I2S0_Tx_DriverIRQHandler
                0x000001e6                RTC_Seconds_DriverIRQHandler
                0x000001e6                DMA6_DriverIRQHandler
                0x000001e6                LLWU_DriverIRQHandler
                0x000001e6                MCM_DriverIRQHandler
                0x000001e6                MCG_DriverIRQHandler
                0x000001e6                ENET_1588_Timer_DriverIRQHandler
                0x000001e6                I2C2_DriverIRQHandler
                0x000001e6                DAC1_DriverIRQHandler
                0x000001e6                SPI1_DriverIRQHandler
                0x000001e6                CMP1_DriverIRQHandler
                0x000001e6                FTM0_DriverIRQHandler
                0x000001e6                IntDefaultHandler
                0x000001e6                USB0_DriverIRQHandler
                0x000001e6                UART5_ERR_DriverIRQHandler
                0x000001e6                PORTC_DriverIRQHandler
                0x000001e6                DMA11_DriverIRQHandler
                0x000001e6                DAC0_DriverIRQHandler
                0x000001e6                DMA10_DriverIRQHandler
                0x000001e6                CMP2_DriverIRQHandler
                0x000001e6                UART2_ERR_DriverIRQHandler
                0x000001e6                SPI2_DriverIRQHandler
                0x000001e6                LVD_LVW_DriverIRQHandler
                0x000001e6                PIT0_DriverIRQHandler
                0x000001e6                DMA12_DriverIRQHandler
                0x000001e6                DMA5_DriverIRQHandler
                0x000001e6                DMA4_DriverIRQHandler
                0x000001e6                USBDCD_DriverIRQHandler
                0x000001e6                UART3_ERR_DriverIRQHandler
                0x000001e6                DMA3_DriverIRQHandler
                0x000001e6                DMA8_DriverIRQHandler
                0x000001e6                DMA9_DriverIRQHandler
                0x000001e6                UART0_ERR_DriverIRQHandler
                0x000001e6                CMT_DriverIRQHandler
                0x000001e6                Reserved71_DriverIRQHandler
                0x000001e6                ADC1_DriverIRQHandler
                0x000001e6                PORTA_DriverIRQHandler
                0x000001e6                DMA14_DriverIRQHandler
                0x000001e6                PIT3_DriverIRQHandler
                0x000001e6                PIT1_DriverIRQHandler
                0x000001e6                WDOG_EWM_DriverIRQHandler
                0x000001e6                PDB0_DriverIRQHandler
                0x000001e6                RTC_DriverIRQHandler
                0x000001e6                I2S0_Rx_DriverIRQHandler
                0x000001e6                Read_Collision_DriverIRQHandler
                0x000001e6                SWI_DriverIRQHandler
                0x000001e6                UART4_ERR_DriverIRQHandler
                0x000001e6                PORTB_DriverIRQHandler
                0x000001e6                UART0_LON_DriverIRQHandler
                0x000001e6                DMA0_DriverIRQHandler
                0x000001e6                DMA1_DriverIRQHandler
                0x000001e6                I2C1_DriverIRQHandler
                0x000001e6                ENET_Receive_DriverIRQHandler
                0x000001e6                DMA13_DriverIRQHandler
                0x000001e6                ENET_Error_DriverIRQHandler
                0x000001e6                DMA15_DriverIRQHandler
                0x000001e6                SPI0_DriverIRQHandler
                0x000001e6                ADC0_DriverIRQHandler
                0x000001e6                CMP0_DriverIRQHandler
                0x000001e6                CAN0_DriverIRQHandler
                0x000001e6                FTM3_DriverIRQHandler
                0x000001e6                RNG_DriverIRQHandler
                0x000001e6                UART1_ERR_DriverIRQHandler
                0x000001e6                DMA2_DriverIRQHandler
                0x000001e6                ENET_Transmit_DriverIRQHandler
                0x000001e6                PORTD_DriverIRQHandler
                0x000001e6                PORTE_DriverIRQHandler
                0x000001e6                FTFE_DriverIRQHandler
                0x000001e6                I2C0_DriverIRQHandler
                0x000001e6                DMA7_DriverIRQHandler
 .after_vectors.init_data
                0x000001e8       0x16 ./startup/startup_mk64f12.o
                0x000001e8                data_init
 .after_vectors.init_bss
                0x000001fe       0x14 ./startup/startup_mk64f12.o
                0x000001fe                bss_init
 *fill*         0x00000212        0x2 ff
 .after_vectors.reset
                0x00000214       0x48 ./startup/startup_mk64f12.o
                0x00000214                ResetISR
                0x00000400                . = 0x400
 *fill*         0x0000025c      0x1a4 ff
                0x00000400                PROVIDE (__FLASH_CONFIG_START__, .)
 *(.FlashConfig)
 .FlashConfig   0x00000400       0x10 ./startup/startup_mk64f12.o
                0x00000400                Flash_Config
                0x00000410                PROVIDE (__FLASH_CONFIG_END__, .)
                0x00000001                ASSERT (! ((__FLASH_CONFIG_START__ == __FLASH_CONFIG_END__)), Linker Flash Config Support Enabled, but no .FlashConfig section provided within application)
 *(.text*)
 .text.DMA0_IRQHandler
                0x00000410        0x8 ./startup/startup_mk64f12.o
                0x00000410                DMA0_IRQHandler
 .text.DMA1_IRQHandler
                0x00000418        0x8 ./startup/startup_mk64f12.o
                0x00000418                DMA1_IRQHandler
 .text.DMA2_IRQHandler
                0x00000420        0x8 ./startup/startup_mk64f12.o
                0x00000420                DMA2_IRQHandler
 .text.DMA3_IRQHandler
                0x00000428        0x8 ./startup/startup_mk64f12.o
                0x00000428                DMA3_IRQHandler
 .text.DMA4_IRQHandler
                0x00000430        0x8 ./startup/startup_mk64f12.o
                0x00000430                DMA4_IRQHandler
 .text.DMA5_IRQHandler
                0x00000438        0x8 ./startup/startup_mk64f12.o
                0x00000438                DMA5_IRQHandler
 .text.DMA6_IRQHandler
                0x00000440        0x8 ./startup/startup_mk64f12.o
                0x00000440                DMA6_IRQHandler
 .text.DMA7_IRQHandler
                0x00000448        0x8 ./startup/startup_mk64f12.o
                0x00000448                DMA7_IRQHandler
 .text.DMA8_IRQHandler
                0x00000450        0x8 ./startup/startup_mk64f12.o
                0x00000450                DMA8_IRQHandler
 .text.DMA9_IRQHandler
                0x00000458        0x8 ./startup/startup_mk64f12.o
                0x00000458                DMA9_IRQHandler
 .text.DMA10_IRQHandler
                0x00000460        0x8 ./startup/startup_mk64f12.o
                0x00000460                DMA10_IRQHandler
 .text.DMA11_IRQHandler
                0x00000468        0x8 ./startup/startup_mk64f12.o
                0x00000468                DMA11_IRQHandler
 .text.DMA12_IRQHandler
                0x00000470        0x8 ./startup/startup_mk64f12.o
                0x00000470                DMA12_IRQHandler
 .text.DMA13_IRQHandler
                0x00000478        0x8 ./startup/startup_mk64f12.o
                0x00000478                DMA13_IRQHandler
 .text.DMA14_IRQHandler
                0x00000480        0x8 ./startup/startup_mk64f12.o
                0x00000480                DMA14_IRQHandler
 .text.DMA15_IRQHandler
                0x00000488        0x8 ./startup/startup_mk64f12.o
                0x00000488                DMA15_IRQHandler
 .text.DMA_Error_IRQHandler
                0x00000490        0x8 ./startup/startup_mk64f12.o
                0x00000490                DMA_Error_IRQHandler
 .text.MCM_IRQHandler
                0x00000498        0x8 ./startup/startup_mk64f12.o
                0x00000498                MCM_IRQHandler
 .text.FTFE_IRQHandler
                0x000004a0        0x8 ./startup/startup_mk64f12.o
                0x000004a0                FTFE_IRQHandler
 .text.Read_Collision_IRQHandler
                0x000004a8        0x8 ./startup/startup_mk64f12.o
                0x000004a8                Read_Collision_IRQHandler
 .text.LVD_LVW_IRQHandler
                0x000004b0        0x8 ./startup/startup_mk64f12.o
                0x000004b0                LVD_LVW_IRQHandler
 .text.LLWU_IRQHandler
                0x000004b8        0x8 ./startup/startup_mk64f12.o
                0x000004b8                LLWU_IRQHandler
 .text.WDOG_EWM_IRQHandler
                0x000004c0        0x8 ./startup/startup_mk64f12.o
                0x000004c0                WDOG_EWM_IRQHandler
 .text.RNG_IRQHandler
                0x000004c8        0x8 ./startup/startup_mk64f12.o
                0x000004c8                RNG_IRQHandler
 .text.I2C0_IRQHandler
                0x000004d0        0x8 ./startup/startup_mk64f12.o
                0x000004d0                I2C0_IRQHandler
 .text.I2C1_IRQHandler
                0x000004d8        0x8 ./startup/startup_mk64f12.o
                0x000004d8                I2C1_IRQHandler
 .text.SPI0_IRQHandler
                0x000004e0        0x8 ./startup/startup_mk64f12.o
                0x000004e0                SPI0_IRQHandler
 .text.SPI1_IRQHandler
                0x000004e8        0x8 ./startup/startup_mk64f12.o
                0x000004e8                SPI1_IRQHandler
 .text.I2S0_Tx_IRQHandler
                0x000004f0        0x8 ./startup/startup_mk64f12.o
                0x000004f0                I2S0_Tx_IRQHandler
 .text.I2S0_Rx_IRQHandler
                0x000004f8        0x8 ./startup/startup_mk64f12.o
                0x000004f8                I2S0_Rx_IRQHandler
 .text.UART0_LON_IRQHandler
                0x00000500        0x8 ./startup/startup_mk64f12.o
                0x00000500                UART0_LON_IRQHandler
 .text.UART0_RX_TX_IRQHandler
                0x00000508        0x8 ./startup/startup_mk64f12.o
                0x00000508                UART0_RX_TX_IRQHandler
 .text.UART0_ERR_IRQHandler
                0x00000510        0x8 ./startup/startup_mk64f12.o
                0x00000510                UART0_ERR_IRQHandler
 .text.UART1_RX_TX_IRQHandler
                0x00000518        0x8 ./startup/startup_mk64f12.o
                0x00000518                UART1_RX_TX_IRQHandler
 .text.UART1_ERR_IRQHandler
                0x00000520        0x8 ./startup/startup_mk64f12.o
                0x00000520                UART1_ERR_IRQHandler
 .text.UART2_RX_TX_IRQHandler
                0x00000528        0x8 ./startup/startup_mk64f12.o
                0x00000528                UART2_RX_TX_IRQHandler
 .text.UART2_ERR_IRQHandler
                0x00000530        0x8 ./startup/startup_mk64f12.o
                0x00000530                UART2_ERR_IRQHandler
 .text.UART3_RX_TX_IRQHandler
                0x00000538        0x8 ./startup/startup_mk64f12.o
                0x00000538                UART3_RX_TX_IRQHandler
 .text.UART3_ERR_IRQHandler
                0x00000540        0x8 ./startup/startup_mk64f12.o
                0x00000540                UART3_ERR_IRQHandler
 .text.ADC0_IRQHandler
                0x00000548        0x8 ./startup/startup_mk64f12.o
                0x00000548                ADC0_IRQHandler
 .text.CMP0_IRQHandler
                0x00000550        0x8 ./startup/startup_mk64f12.o
                0x00000550                CMP0_IRQHandler
 .text.CMP1_IRQHandler
                0x00000558        0x8 ./startup/startup_mk64f12.o
                0x00000558                CMP1_IRQHandler
 .text.FTM0_IRQHandler
                0x00000560        0x8 ./startup/startup_mk64f12.o
                0x00000560                FTM0_IRQHandler
 .text.FTM1_IRQHandler
                0x00000568        0x8 ./startup/startup_mk64f12.o
                0x00000568                FTM1_IRQHandler
 .text.FTM2_IRQHandler
                0x00000570        0x8 ./startup/startup_mk64f12.o
                0x00000570                FTM2_IRQHandler
 .text.CMT_IRQHandler
                0x00000578        0x8 ./startup/startup_mk64f12.o
                0x00000578                CMT_IRQHandler
 .text.RTC_IRQHandler
                0x00000580        0x8 ./startup/startup_mk64f12.o
                0x00000580                RTC_IRQHandler
 .text.RTC_Seconds_IRQHandler
                0x00000588        0x8 ./startup/startup_mk64f12.o
                0x00000588                RTC_Seconds_IRQHandler
 .text.PIT0_IRQHandler
                0x00000590        0x8 ./startup/startup_mk64f12.o
                0x00000590                PIT0_IRQHandler
 .text.PIT1_IRQHandler
                0x00000598        0x8 ./startup/startup_mk64f12.o
                0x00000598                PIT1_IRQHandler
 .text.PIT2_IRQHandler
                0x000005a0        0x8 ./startup/startup_mk64f12.o
                0x000005a0                PIT2_IRQHandler
 .text.PIT3_IRQHandler
                0x000005a8        0x8 ./startup/startup_mk64f12.o
                0x000005a8                PIT3_IRQHandler
 .text.PDB0_IRQHandler
                0x000005b0        0x8 ./startup/startup_mk64f12.o
                0x000005b0                PDB0_IRQHandler
 .text.USB0_IRQHandler
                0x000005b8        0x8 ./startup/startup_mk64f12.o
                0x000005b8                USB0_IRQHandler
 .text.USBDCD_IRQHandler
                0x000005c0        0x8 ./startup/startup_mk64f12.o
                0x000005c0                USBDCD_IRQHandler
 .text.Reserved71_IRQHandler
                0x000005c8        0x8 ./startup/startup_mk64f12.o
                0x000005c8                Reserved71_IRQHandler
 .text.DAC0_IRQHandler
                0x000005d0        0x8 ./startup/startup_mk64f12.o
                0x000005d0                DAC0_IRQHandler
 .text.MCG_IRQHandler
                0x000005d8        0x8 ./startup/startup_mk64f12.o
                0x000005d8                MCG_IRQHandler
 .text.LPTMR0_IRQHandler
                0x000005e0        0x8 ./startup/startup_mk64f12.o
                0x000005e0                LPTMR0_IRQHandler
 .text.PORTA_IRQHandler
                0x000005e8        0x8 ./startup/startup_mk64f12.o
                0x000005e8                PORTA_IRQHandler
 .text.PORTB_IRQHandler
                0x000005f0        0x8 ./startup/startup_mk64f12.o
                0x000005f0                PORTB_IRQHandler
 .text.PORTC_IRQHandler
                0x000005f8        0x8 ./startup/startup_mk64f12.o
                0x000005f8                PORTC_IRQHandler
 .text.PORTD_IRQHandler
                0x00000600        0x8 ./startup/startup_mk64f12.o
                0x00000600                PORTD_IRQHandler
 .text.PORTE_IRQHandler
                0x00000608        0x8 ./startup/startup_mk64f12.o
                0x00000608                PORTE_IRQHandler
 .text.SWI_IRQHandler
                0x00000610        0x8 ./startup/startup_mk64f12.o
                0x00000610                SWI_IRQHandler
 .text.SPI2_IRQHandler
                0x00000618        0x8 ./startup/startup_mk64f12.o
                0x00000618                SPI2_IRQHandler
 .text.UART4_RX_TX_IRQHandler
                0x00000620        0x8 ./startup/startup_mk64f12.o
                0x00000620                UART4_RX_TX_IRQHandler
 .text.UART4_ERR_IRQHandler
                0x00000628        0x8 ./startup/startup_mk64f12.o
                0x00000628                UART4_ERR_IRQHandler
 .text.UART5_RX_TX_IRQHandler
                0x00000630        0x8 ./startup/startup_mk64f12.o
                0x00000630                UART5_RX_TX_IRQHandler
 .text.UART5_ERR_IRQHandler
                0x00000638        0x8 ./startup/startup_mk64f12.o
                0x00000638                UART5_ERR_IRQHandler
 .text.CMP2_IRQHandler
                0x00000640        0x8 ./startup/startup_mk64f12.o
                0x00000640                CMP2_IRQHandler
 .text.FTM3_IRQHandler
                0x00000648        0x8 ./startup/startup_mk64f12.o
                0x00000648                FTM3_IRQHandler
 .text.DAC1_IRQHandler
                0x00000650        0x8 ./startup/startup_mk64f12.o
                0x00000650                DAC1_IRQHandler
 .text.ADC1_IRQHandler
                0x00000658        0x8 ./startup/startup_mk64f12.o
                0x00000658                ADC1_IRQHandler
 .text.I2C2_IRQHandler
                0x00000660        0x8 ./startup/startup_mk64f12.o
                0x00000660                I2C2_IRQHandler
 .text.CAN0_Wake_Up_IRQHandler
                0x00000668        0x8 ./startup/startup_mk64f12.o
                0x00000668                CAN0_Wake_Up_IRQHandler
 .text.CAN0_Rx_Warning_IRQHandler
                0x00000670        0x8 ./startup/startup_mk64f12.o
                0x00000670                CAN0_Rx_Warning_IRQHandler
 .text.CAN0_ORed_Message_buffer_IRQHandler
                0x00000678        0x8 ./startup/startup_mk64f12.o
                0x00000678                CAN0_ORed_Message_buffer_IRQHandler
 .text.CAN0_Bus_Off_IRQHandler
                0x00000680        0x8 ./startup/startup_mk64f12.o
                0x00000680                CAN0_Bus_Off_IRQHandler
 .text.CAN0_Error_IRQHandler
                0x00000688        0x8 ./startup/startup_mk64f12.o
                0x00000688                CAN0_Error_IRQHandler
 .text.CAN0_Tx_Warning_IRQHandler
                0x00000690        0x8 ./startup/startup_mk64f12.o
                0x00000690                CAN0_Tx_Warning_IRQHandler
 .text.SDHC_IRQHandler
                0x00000698        0x8 ./startup/startup_mk64f12.o
                0x00000698                SDHC_IRQHandler
 .text.ENET_1588_Timer_IRQHandler
                0x000006a0        0x8 ./startup/startup_mk64f12.o
                0x000006a0                ENET_1588_Timer_IRQHandler
 .text.ENET_Transmit_IRQHandler
                0x000006a8        0x8 ./startup/startup_mk64f12.o
                0x000006a8                ENET_Transmit_IRQHandler
 .text.ENET_Receive_IRQHandler
                0x000006b0        0x8 ./startup/startup_mk64f12.o
                0x000006b0                ENET_Receive_IRQHandler
 .text.ENET_Error_IRQHandler
                0x000006b8        0x8 ./startup/startup_mk64f12.o
                0x000006b8                ENET_Error_IRQHandler
 .text.get_data
                0x000006c0       0x7c ./source/telemetry/telemetry.o
                0x000006c0                get_data
 .text.build_data_packet
                0x0000073c       0x2c ./source/telemetry/telemetry.o
                0x0000073c                build_data_packet
 .text.get_data_length
                0x00000768       0x34 ./source/telemetry/telemetry.o
                0x00000768                get_data_length
 .text.get_kvs_length
                0x0000079c       0x58 ./source/telemetry/telemetry.o
                0x0000079c                get_kvs_length
 .text.get_kvs  0x000007f4      0x19c ./source/telemetry/telemetry.o
                0x000007f4                get_kvs
 .text.build_header_packet
                0x00000990       0x2c ./source/telemetry/telemetry.o
                0x00000990                build_header_packet
 .text.register_telemetry_variable
                0x000009bc      0x188 ./source/telemetry/telemetry.o
                0x000009bc                register_telemetry_variable
 .text.new_packet
                0x00000b44       0x1a ./source/telemetry/telemetry.o
                0x00000b44                new_packet
 *fill*         0x00000b5e        0x2 ff
 .text.init_header_packet
                0x00000b60       0x4c ./source/telemetry/telemetry.o
                0x00000b60                init_header_packet
 .text.init_data_packet
                0x00000bac       0x4c ./source/telemetry/telemetry.o
                0x00000bac                init_data_packet
 .text.init_uart
                0x00000bf8       0x34 ./source/telemetry/telemetry_uart.o
                0x00000bf8                init_uart
 .text._do_io   0x00000c2c       0x24 ./source/telemetry/telemetry_uart.o
                0x00000c2c                _do_io
 .text.transmit_header
                0x00000c50       0x24 ./source/telemetry/telemetry_uart.o
                0x00000c50                transmit_header
 .text.do_io    0x00000c74       0x1c ./source/telemetry/telemetry_uart.o
                0x00000c74                do_io
 .text.init_board
                0x00000c90        0xe ./source/main.o
                0x00000c90                init_board
 .text.delay    0x00000c9e        0xe ./source/main.o
                0x00000c9e                delay
 .text.take_pic
                0x00000cac       0x30 ./source/main.o
                0x00000cac                take_pic
 .text.startup.main
                0x00000cdc       0xc4 ./source/main.o
                0x00000cdc                main
 .text.HardFault_Handler
                0x00000da0       0x28 ./source/semihost_hardfault.o
                0x00000da0                HardFault_Handler
 .text.CLOCK_GetMcgExtClkFreq
                0x00000dc8       0x34 ./drivers/fsl_clock.o
 .text.CLOCK_GetFllExtRefClkFreq
                0x00000dfc       0x44 ./drivers/fsl_clock.o
 .text.CLOCK_GetInternalRefClkSelectFreq
                0x00000e40       0x28 ./drivers/fsl_clock.o
 .text.CLOCK_GetOsc0ErClkFreq
                0x00000e68       0x18 ./drivers/fsl_clock.o
                0x00000e68                CLOCK_GetOsc0ErClkFreq
 .text.CLOCK_GetEr32kClkFreq
                0x00000e80       0x40 ./drivers/fsl_clock.o
                0x00000e80                CLOCK_GetEr32kClkFreq
 .text.CLOCK_SetSimConfig
                0x00000ec0       0x3c ./drivers/fsl_clock.o
                0x00000ec0                CLOCK_SetSimConfig
 .text.CLOCK_GetFllFreq
                0x00000efc       0x50 ./drivers/fsl_clock.o
                0x00000efc                CLOCK_GetFllFreq
 .text.CLOCK_GetInternalRefClkFreq
                0x00000f4c       0x14 ./drivers/fsl_clock.o
                0x00000f4c                CLOCK_GetInternalRefClkFreq
 .text.CLOCK_GetPll0Freq
                0x00000f60       0x2c ./drivers/fsl_clock.o
                0x00000f60                CLOCK_GetPll0Freq
 .text.CLOCK_GetPllFllSelClkFreq
                0x00000f8c       0x2c ./drivers/fsl_clock.o
                0x00000f8c                CLOCK_GetPllFllSelClkFreq
 .text.CLOCK_GetOutClkFreq
                0x00000fb8       0x28 ./drivers/fsl_clock.o
                0x00000fb8                CLOCK_GetOutClkFreq
 .text.CLOCK_GetFixedFreqClkFreq
                0x00000fe0       0x34 ./drivers/fsl_clock.o
                0x00000fe0                CLOCK_GetFixedFreqClkFreq
 .text.CLOCK_GetFreq
                0x00001014       0xb8 ./drivers/fsl_clock.o
                0x00001014                CLOCK_GetFreq
 .text.CLOCK_SetExternalRefClkConfig
                0x000010cc       0x30 ./drivers/fsl_clock.o
                0x000010cc                CLOCK_SetExternalRefClkConfig
 .text.CLOCK_SetInternalRefClkConfig
                0x000010fc       0x80 ./drivers/fsl_clock.o
                0x000010fc                CLOCK_SetInternalRefClkConfig
 .text.CLOCK_EnablePll0
                0x0000117c       0x34 ./drivers/fsl_clock.o
                0x0000117c                CLOCK_EnablePll0
 .text.CLOCK_InitOsc0
                0x000011b0       0x64 ./drivers/fsl_clock.o
                0x000011b0                CLOCK_InitOsc0
 .text.CLOCK_SetPbeMode
                0x00001214       0x50 ./drivers/fsl_clock.o
                0x00001214                CLOCK_SetPbeMode
 .text.CLOCK_BootToPeeMode
                0x00001264       0x30 ./drivers/fsl_clock.o
                0x00001264                CLOCK_BootToPeeMode
 .text.UART_GetInstance
                0x00001294       0x1c ./drivers/fsl_uart.o
                0x00001294                UART_GetInstance
 .text.UART_Init
                0x000012b0      0x108 ./drivers/fsl_uart.o
                0x000012b0                UART_Init
 .text.UART_GetDefaultConfig
                0x000013b8       0x1e ./drivers/fsl_uart.o
                0x000013b8                UART_GetDefaultConfig
 .text.UART_WriteBlocking
                0x000013d6       0x16 ./drivers/fsl_uart.o
                0x000013d6                UART_WriteBlocking
 .text.UART0_DriverIRQHandler
                0x000013ec       0x20 ./drivers/fsl_uart.o
                0x000013ec                UART0_DriverIRQHandler
 .text.UART0_RX_TX_DriverIRQHandler
                0x0000140c        0xc ./drivers/fsl_uart.o
                0x0000140c                UART0_RX_TX_DriverIRQHandler
 .text.UART1_DriverIRQHandler
                0x00001418       0x20 ./drivers/fsl_uart.o
                0x00001418                UART1_DriverIRQHandler
 .text.UART1_RX_TX_DriverIRQHandler
                0x00001438        0xc ./drivers/fsl_uart.o
                0x00001438                UART1_RX_TX_DriverIRQHandler
 .text.UART2_DriverIRQHandler
                0x00001444       0x20 ./drivers/fsl_uart.o
                0x00001444                UART2_DriverIRQHandler
 .text.UART2_RX_TX_DriverIRQHandler
                0x00001464        0xc ./drivers/fsl_uart.o
                0x00001464                UART2_RX_TX_DriverIRQHandler
 .text.UART3_DriverIRQHandler
                0x00001470       0x20 ./drivers/fsl_uart.o
                0x00001470                UART3_DriverIRQHandler
 .text.UART3_RX_TX_DriverIRQHandler
                0x00001490        0xc ./drivers/fsl_uart.o
                0x00001490                UART3_RX_TX_DriverIRQHandler
 .text.UART4_DriverIRQHandler
                0x0000149c       0x20 ./drivers/fsl_uart.o
                0x0000149c                UART4_DriverIRQHandler
 .text.UART4_RX_TX_DriverIRQHandler
                0x000014bc        0xc ./drivers/fsl_uart.o
                0x000014bc                UART4_RX_TX_DriverIRQHandler
 .text.UART5_DriverIRQHandler
                0x000014c8       0x20 ./drivers/fsl_uart.o
                0x000014c8                UART5_DriverIRQHandler
 .text.UART5_RX_TX_DriverIRQHandler
                0x000014e8        0xc ./drivers/fsl_uart.o
                0x000014e8                UART5_RX_TX_DriverIRQHandler
 .text.BOARD_BootClockRUN
                0x000014f4       0x6c ./board/clock_config.o
                0x000014f4                BOARD_BootClockRUN
 .text.BOARD_InitPins
                0x00001560       0x40 ./board/pin_mux.o
                0x00001560                BOARD_InitPins
 .text.SystemInit
                0x000015a0       0x2c ./CMSIS/system_MK64F12.o
                0x000015a0                SystemInit
 .text.__main   0x000015cc        0xe c:/nxp/mcuxpressoide_10.1.0_589/ide/tools/bin/../lib/gcc/arm-none-eabi/6.3.1/../../../../arm-none-eabi/lib/thumb/v7e-m/fpv4-sp/hard\libcr_semihost_nf.a(_cr__main.o)
                0x000015cc                __CR_SEMIHOST
                0x000015cc                __main
 .text.memset   0x000015da        0x4 c:/nxp/mcuxpressoide_10.1.0_589/ide/tools/bin/../lib/gcc/arm-none-eabi/6.3.1/../../../../arm-none-eabi/lib/thumb/v7e-m/fpv4-sp/hard\libcr_c.a(memset.o)
                0x000015da                memset
 *fill*         0x000015de        0x2 ff
 .text.malloc   0x000015e0       0xc4 c:/nxp/mcuxpressoide_10.1.0_589/ide/tools/bin/../lib/gcc/arm-none-eabi/6.3.1/../../../../arm-none-eabi/lib/thumb/v7e-m/fpv4-sp/hard\libcr_c.a(alloc.o)
                0x000015e0                malloc
 .text.free     0x000016a4       0x30 c:/nxp/mcuxpressoide_10.1.0_589/ide/tools/bin/../lib/gcc/arm-none-eabi/6.3.1/../../../../arm-none-eabi/lib/thumb/v7e-m/fpv4-sp/hard\libcr_c.a(alloc.o)
                0x000016a4                free
 .text._initio  0x000016d4       0x78 c:/nxp/mcuxpressoide_10.1.0_589/ide/tools/bin/../lib/gcc/arm-none-eabi/6.3.1/../../../../arm-none-eabi/lib/thumb/v7e-m/fpv4-sp/hard\libcr_c.a(initio.o)
                0x000016d4                _initio
 .text.setvbuf  0x0000174c       0x40 c:/nxp/mcuxpressoide_10.1.0_589/ide/tools/bin/../lib/gcc/arm-none-eabi/6.3.1/../../../../arm-none-eabi/lib/thumb/v7e-m/fpv4-sp/hard\libcr_c.a(setvbuf.o)
                0x0000174c                setvbuf
 .text.strcmp   0x0000178c       0x46 c:/nxp/mcuxpressoide_10.1.0_589/ide/tools/bin/../lib/gcc/arm-none-eabi/6.3.1/../../../../arm-none-eabi/lib/thumb/v7e-m/fpv4-sp/hard\libcr_c.a(strcmp.o)
                0x0000178c                strcmp
 .text.strcpy   0x000017d2       0x42 c:/nxp/mcuxpressoide_10.1.0_589/ide/tools/bin/../lib/gcc/arm-none-eabi/6.3.1/../../../../arm-none-eabi/lib/thumb/v7e-m/fpv4-sp/hard\libcr_c.a(strcpy.o)
                0x000017d2                strcpy
 .text.strlen   0x00001814       0x4a c:/nxp/mcuxpressoide_10.1.0_589/ide/tools/bin/../lib/gcc/arm-none-eabi/6.3.1/../../../../arm-none-eabi/lib/thumb/v7e-m/fpv4-sp/hard\libcr_c.a(strlen.o)
                0x00001814                strlen
 *fill*         0x0000185e        0x2 ff
 .text._sbrk    0x00001860       0x3c c:/nxp/mcuxpressoide_10.1.0_589/ide/tools/bin/../lib/gcc/arm-none-eabi/6.3.1/../../../../arm-none-eabi/lib/thumb/v7e-m/fpv4-sp/hard\libcr_c.a(_cr_sbrk.o)
                0x00001860                _sbrk
 .text._fdopen  0x0000189c       0x68 c:/nxp/mcuxpressoide_10.1.0_589/ide/tools/bin/../lib/gcc/arm-none-eabi/6.3.1/../../../../arm-none-eabi/lib/thumb/v7e-m/fpv4-sp/hard\libcr_c.a(_fdopen.o)
                0x0000189c                _fdopen
 .text.fclose   0x00001904       0x58 c:/nxp/mcuxpressoide_10.1.0_589/ide/tools/bin/../lib/gcc/arm-none-eabi/6.3.1/../../../../arm-none-eabi/lib/thumb/v7e-m/fpv4-sp/hard\libcr_c.a(fclose.o)
                0x00001904                fclose
 .text.fflush   0x0000195c       0x44 c:/nxp/mcuxpressoide_10.1.0_589/ide/tools/bin/../lib/gcc/arm-none-eabi/6.3.1/../../../../arm-none-eabi/lib/thumb/v7e-m/fpv4-sp/hard\libcr_c.a(fflush.o)
                0x0000195c                fflush
 .text.fseek    0x000019a0      0x100 c:/nxp/mcuxpressoide_10.1.0_589/ide/tools/bin/../lib/gcc/arm-none-eabi/6.3.1/../../../../arm-none-eabi/lib/thumb/v7e-m/fpv4-sp/hard\libcr_c.a(fseek.o)
                0x000019a0                fseek
 .text.ftell    0x00001aa0       0x48 c:/nxp/mcuxpressoide_10.1.0_589/ide/tools/bin/../lib/gcc/arm-none-eabi/6.3.1/../../../../arm-none-eabi/lib/thumb/v7e-m/fpv4-sp/hard\libcr_c.a(ftell.o)
                0x00001aa0                ftell
 .text.remove   0x00001ae8       0x14 c:/nxp/mcuxpressoide_10.1.0_589/ide/tools/bin/../lib/gcc/arm-none-eabi/6.3.1/../../../../arm-none-eabi/lib/thumb/v7e-m/fpv4-sp/hard\libcr_c.a(remove.o)
                0x00001ae8                remove
 .text.__check_heap_overflow
                0x00001afc       0x18 c:/nxp/mcuxpressoide_10.1.0_589/ide/tools/bin/../lib/gcc/arm-none-eabi/6.3.1/../../../../arm-none-eabi/lib/thumb/v7e-m/fpv4-sp/hard\libcr_c.a(_cr_check_heap.o)
                0x00001afc                __check_heap_overflow
 .text._do_fflush
                0x00001b14       0x40 c:/nxp/mcuxpressoide_10.1.0_589/ide/tools/bin/../lib/gcc/arm-none-eabi/6.3.1/../../../../arm-none-eabi/lib/thumb/v7e-m/fpv4-sp/hard\libcr_c.a(_do_fflush.o)
                0x00001b14                _do_fflush
 .text._fflush  0x00001b54       0x54 c:/nxp/mcuxpressoide_10.1.0_589/ide/tools/bin/../lib/gcc/arm-none-eabi/6.3.1/../../../../arm-none-eabi/lib/thumb/v7e-m/fpv4-sp/hard\libcr_c.a(_fflush.o)
                0x00001b54                _fflush
 .text._Cwritebuf
                0x00001ba8       0x6c c:/nxp/mcuxpressoide_10.1.0_589/ide/tools/bin/../lib/gcc/arm-none-eabi/6.3.1/../../../../arm-none-eabi/lib/thumb/v7e-m/fpv4-sp/hard\libcr_c.a(_writebuf.o)
                0x00001ba8                _Cwritebuf
 .text._deferredlazyseek
                0x00001c14       0x40 c:/nxp/mcuxpressoide_10.1.0_589/ide/tools/bin/../lib/gcc/arm-none-eabi/6.3.1/../../../../arm-none-eabi/lib/thumb/v7e-m/fpv4-sp/hard\libcr_c.a(_deferredlazyseek.o)
                0x00001c14                _deferredlazyseek
 .text.__aeabi_memset_lowlevel
                0x00001c54       0x32 c:/nxp/mcuxpressoide_10.1.0_589/ide/tools/bin/../lib/gcc/arm-none-eabi/6.3.1/thumb/v7e-m/fpv4-sp/hard\libcr_eabihelpers.a(memcpy.o)
                0x00001c54                __aeabi_lowlevel_memset
 .text.__sys_close
                0x00001c86        0xc c:/nxp/mcuxpressoide_10.1.0_589/ide/tools/bin/../lib/gcc/arm-none-eabi/6.3.1/../../../../arm-none-eabi/lib/thumb/v7e-m/fpv4-sp/hard\libcr_semihost_nf.a(__sys_close.o)
                0x00001c86                __sys_close
 .text.__sys_flen
                0x00001c92        0xc c:/nxp/mcuxpressoide_10.1.0_589/ide/tools/bin/../lib/gcc/arm-none-eabi/6.3.1/../../../../arm-none-eabi/lib/thumb/v7e-m/fpv4-sp/hard\libcr_semihost_nf.a(__sys_flen.o)
                0x00001c92                __sys_flen
 .text.__sys_istty
                0x00001c9e        0xc c:/nxp/mcuxpressoide_10.1.0_589/ide/tools/bin/../lib/gcc/arm-none-eabi/6.3.1/../../../../arm-none-eabi/lib/thumb/v7e-m/fpv4-sp/hard\libcr_semihost_nf.a(__sys_istty.o)
                0x00001c9e                __sys_istty
 .text.__sys_remove
                0x00001caa        0xc c:/nxp/mcuxpressoide_10.1.0_589/ide/tools/bin/../lib/gcc/arm-none-eabi/6.3.1/../../../../arm-none-eabi/lib/thumb/v7e-m/fpv4-sp/hard\libcr_semihost_nf.a(__sys_remove.o)
                0x00001caa                __sys_remove
 .text.__sys_seek
                0x00001cb6        0xc c:/nxp/mcuxpressoide_10.1.0_589/ide/tools/bin/../lib/gcc/arm-none-eabi/6.3.1/../../../../arm-none-eabi/lib/thumb/v7e-m/fpv4-sp/hard\libcr_semihost_nf.a(__sys_seek.o)
                0x00001cb6                __sys_seek
 .text.__sys_tmpnam
                0x00001cc2        0xc c:/nxp/mcuxpressoide_10.1.0_589/ide/tools/bin/../lib/gcc/arm-none-eabi/6.3.1/../../../../arm-none-eabi/lib/thumb/v7e-m/fpv4-sp/hard\libcr_semihost_nf.a(__sys_tmpnam.o)
                0x00001cc2                __sys_tmpnam
 .text.__sys_write
                0x00001cce        0xc c:/nxp/mcuxpressoide_10.1.0_589/ide/tools/bin/../lib/gcc/arm-none-eabi/6.3.1/../../../../arm-none-eabi/lib/thumb/v7e-m/fpv4-sp/hard\libcr_semihost_nf.a(__sys_write.o)
                0x00001cce                __sys_write
 *(.rodata .rodata.* .constdata .constdata.*)
 .rodata.register_telemetry_variable.str1.1
                0x00001cda        0xb ./source/telemetry/telemetry.o
                                  0xf (size before relaxing)
 .rodata.main.str1.1
                0x00001ce5       0x3e ./source/main.o
                                 0x49 (size before relaxing)
 *fill*         0x00001d23        0x1 ff
 .rodata.fllFactorTable.7491
                0x00001d24       0x10 ./drivers/fsl_clock.o
 .rodata.s_uartBases
                0x00001d34       0x18 ./drivers/fsl_uart.o
 .rodata.s_uartClock
                0x00001d4c       0x18 ./drivers/fsl_uart.o
 .rodata.mcgConfig_BOARD_BootClockRUN
                0x00001d64        0xb ./board/clock_config.o
                0x00001d64                mcgConfig_BOARD_BootClockRUN
 *fill*         0x00001d6f        0x1 ff
 .rodata.oscConfig_BOARD_BootClockRUN
                0x00001d70        0x8 ./board/clock_config.o
                0x00001d70                oscConfig_BOARD_BootClockRUN
 .rodata.simConfig_BOARD_BootClockRUN
                0x00001d78        0x8 ./board/clock_config.o
                0x00001d78                simConfig_BOARD_BootClockRUN
 .rodata._initio.str1.1
                0x00001d80        0x2 c:/nxp/mcuxpressoide_10.1.0_589/ide/tools/bin/../lib/gcc/arm-none-eabi/6.3.1/../../../../arm-none-eabi/lib/thumb/v7e-m/fpv4-sp/hard\libcr_c.a(initio.o)
                                  0x4 (size before relaxing)
 *fill*         0x00001d82        0x2 ff
 .rodata.__num_Ciob_streams
                0x00001d84        0x4 c:/nxp/mcuxpressoide_10.1.0_589/ide/tools/bin/../lib/gcc/arm-none-eabi/6.3.1/../../../../arm-none-eabi/lib/thumb/v7e-m/fpv4-sp/hard\libcr_semihost_nf.a(__ciob.o)
                0x00001d84                __num_Ciob_streams
                0x00001d88                . = ALIGN (0x4)

.glue_7         0x00001d88        0x0
 .glue_7        0x00001d88        0x0 linker stubs

.glue_7t        0x00001d88        0x0
 .glue_7t       0x00001d88        0x0 linker stubs

.vfp11_veneer   0x00001d88        0x0
 .vfp11_veneer  0x00001d88        0x0 linker stubs

.v4_bx          0x00001d88        0x0
 .v4_bx         0x00001d88        0x0 linker stubs

.iplt           0x00001d88        0x0
 .iplt          0x00001d88        0x0 ./utilities/fsl_assert.o

.rel.dyn        0x00001d88        0x0
 .rel.iplt      0x00001d88        0x0 ./utilities/fsl_assert.o

.ARM.extab
 *(.ARM.extab* .gnu.linkonce.armextab.*)
                0x00001d88                __exidx_start = .

.ARM.exidx
 *(.ARM.exidx* .gnu.linkonce.armexidx.*)
                0x00001d88                __exidx_end = .
                0x00001d88                _etext = .

.m_usb_data
 *(m_usb_bdt)

.data_RAM2      0x1fff0000        0x0 load address 0x00001d88
 FILL mask 0xff
                [!provide]                PROVIDE (__start_data_RAM2, .)
 *(.ramfunc.$RAM2)
 *(.ramfunc.$SRAM_LOWER)
 *(.data.$RAM2*)
 *(.data.$SRAM_LOWER*)
                0x1fff0000                . = ALIGN (0x4)
                [!provide]                PROVIDE (__end_data_RAM2, .)

.data_RAM3      0x14000000        0x0 load address 0x00001d88
 FILL mask 0xff
                [!provide]                PROVIDE (__start_data_RAM3, .)
 *(.ramfunc.$RAM3)
 *(.ramfunc.$FLEX_RAM)
 *(.data.$RAM3*)
 *(.data.$FLEX_RAM*)
                0x14000000                . = ALIGN (0x4)
                [!provide]                PROVIDE (__end_data_RAM3, .)

.uninit_RESERVED
                0x20000000        0x0
 *(.bss.$RESERVED*)
                0x20000000                . = ALIGN (0x4)
                0x20000000                _end_uninit_RESERVED = .

.data           0x20000000        0xc load address 0x00001d88
 FILL mask 0xff
                0x20000000                _data = .
 *(vtable)
 *(.ramfunc*)
 *(.data*)
 .data.s_fastIrcFreq
                0x20000000        0x4 ./drivers/fsl_clock.o
 .data.s_slowIrcFreq
                0x20000004        0x4 ./drivers/fsl_clock.o
 .data.SystemCoreClock
                0x20000008        0x4 ./CMSIS/system_MK64F12.o
                0x20000008                SystemCoreClock
                0x2000000c                . = ALIGN (0x4)
                0x2000000c                _edata = .

.igot.plt       0x2000000c        0x0 load address 0x00001d94
 .igot.plt      0x2000000c        0x0 ./utilities/fsl_assert.o

.bss_RAM2       0x1fff0000        0x0
                [!provide]                PROVIDE (__start_bss_RAM2, .)
 *(.bss.$RAM2*)
 *(.bss.$SRAM_LOWER*)
                0x1fff0000                . = ALIGN ((. != 0x0)?0x4:0x1)
                [!provide]                PROVIDE (__end_bss_RAM2, .)

.bss_RAM3       0x14000000        0x0
                [!provide]                PROVIDE (__start_bss_RAM3, .)
 *(.bss.$RAM3*)
 *(.bss.$FLEX_RAM*)
                0x14000000                . = ALIGN ((. != 0x0)?0x4:0x1)
                [!provide]                PROVIDE (__end_bss_RAM3, .)

.bss            0x2000000c      0x468
                0x2000000c                _bss = .
 *(.bss*)
 .bss.data_len  0x2000000c        0x1 ./source/telemetry/telemetry.o
                0x2000000c                data_len
 *fill*         0x2000000d        0x3 
 .bss.data_packet
                0x20000010        0x4 ./source/telemetry/telemetry.o
                0x20000010                data_packet
 .bss.header_packet
                0x20000014        0x4 ./source/telemetry/telemetry.o
                0x20000014                header_packet
 .bss.sequence_num
                0x20000018        0x1 ./source/telemetry/telemetry.o
                0x20000018                sequence_num
 *fill*         0x20000019        0x3 
 .bss.telemetry_data
                0x2000001c      0x168 ./source/telemetry/telemetry.o
                0x2000001c                telemetry_data
 .bss.header_sent
                0x20000184        0x1 ./source/telemetry/telemetry_uart.o
                0x20000184                header_sent
 *fill*         0x20000185        0x3 
 .bss.camera    0x20000188      0x200 ./source/main.o
                0x20000188                camera
 .bss.motor_pwm
                0x20000388        0x4 ./source/main.o
                0x20000388                motor_pwm
 .bss.time      0x2000038c        0x4 ./source/main.o
                0x2000038c                time
 .bss.g_xtal0Freq
                0x20000390        0x4 ./drivers/fsl_clock.o
                0x20000390                g_xtal0Freq
 .bss.g_xtal32Freq
                0x20000394        0x4 ./drivers/fsl_clock.o
                0x20000394                g_xtal32Freq
 .bss.s_uartHandle
                0x20000398       0x18 ./drivers/fsl_uart.o
 .bss.s_uartIsr
                0x200003b0        0x4 ./drivers/fsl_uart.o
 .bss.__end_of_heap
                0x200003b4        0x4 c:/nxp/mcuxpressoide_10.1.0_589/ide/tools/bin/../lib/gcc/arm-none-eabi/6.3.1/../../../../arm-none-eabi/lib/thumb/v7e-m/fpv4-sp/hard\libcr_c.a(__init_alloc.o)
                0x200003b4                __end_of_heap
 .bss.__heaps   0x200003b8        0x4 c:/nxp/mcuxpressoide_10.1.0_589/ide/tools/bin/../lib/gcc/arm-none-eabi/6.3.1/../../../../arm-none-eabi/lib/thumb/v7e-m/fpv4-sp/hard\libcr_c.a(__init_alloc.o)
                0x200003b8                __heaps
 .bss.errno     0x200003bc        0x4 c:/nxp/mcuxpressoide_10.1.0_589/ide/tools/bin/../lib/gcc/arm-none-eabi/6.3.1/../../../../arm-none-eabi/lib/thumb/v7e-m/fpv4-sp/hard\libcr_c.a(errno.o)
                0x200003bc                errno
 .bss.__Ciob    0x200003c0       0xb4 c:/nxp/mcuxpressoide_10.1.0_589/ide/tools/bin/../lib/gcc/arm-none-eabi/6.3.1/../../../../arm-none-eabi/lib/thumb/v7e-m/fpv4-sp/hard\libcr_semihost_nf.a(__ciob.o)
                0x200003c0                __Ciob
 *(COMMON)
                0x20000474                . = ALIGN (0x4)
                0x20000474                _ebss = .
                [!provide]                PROVIDE (end, .)

.noinit_RAM2    0x1fff0000        0x0
 *(.noinit.$RAM2*)
 *(.noinit.$SRAM_LOWER*)
                0x1fff0000                . = ALIGN (0x4)

.noinit_RAM3    0x14000000        0x0
 *(.noinit.$RAM3*)
 *(.noinit.$FLEX_RAM*)
                0x14000000                . = ALIGN (0x4)

.noinit         0x20000474        0x0
                0x20000474                _noinit = .
 *(.noinit*)
                0x20000474                . = ALIGN (0x4)
                0x20000474                _end_noinit = .
                0x00001000                _HeapSize = 0x1000

.heap           0x20000474     0x1000
                0x20000474                _pvHeapStart = .
                0x20001474                . = (. + _HeapSize)
 *fill*         0x20000474     0x1000 
                0x20001474                . = ALIGN (0x4)
                0x20001474                _pvHeapLimit = .
                0x00001000                _StackSize = 0x1000

.heap2stackfill
                0x20001474     0x1000
                0x20002474                . = (. + _StackSize)
 *fill*         0x20001474     0x1000 

.stack          0x2002f000        0x0
                0x2002f000                _vStackBase = .
                0x2002f000                . = ALIGN (0x4)
                0x20030000                _vStackTop = (. + _StackSize)
                0x00000000                _image_start = LOADADDR (.text)
                0x00001d94                _image_end = (LOADADDR (.data) + SIZEOF (.data))
                0x00001d94                _image_size = (_image_end - _image_start)
OUTPUT(frdmk64f_telemetry.axf elf32-littlearm)

.debug_info     0x00000000     0x7f73
 .debug_info    0x00000000      0xc2e ./startup/startup_mk64f12.o
 .debug_info    0x00000c2e      0x785 ./source/telemetry/telemetry.o
 .debug_info    0x000013b3      0x820 ./source/telemetry/telemetry_uart.o
 .debug_info    0x00001bd3      0x864 ./source/main.o
 .debug_info    0x00002437       0x37 ./source/semihost_hardfault.o
 .debug_info    0x0000246e     0x22b2 ./drivers/fsl_clock.o
 .debug_info    0x00004720     0x1f7b ./drivers/fsl_uart.o
 .debug_info    0x0000669b      0xbf8 ./board/clock_config.o
 .debug_info    0x00007293      0x6bc ./board/pin_mux.o
 .debug_info    0x0000794f      0x624 ./CMSIS/system_MK64F12.o

.debug_abbrev   0x00000000     0x155a
 .debug_abbrev  0x00000000      0x1ac ./startup/startup_mk64f12.o
 .debug_abbrev  0x000001ac      0x1d6 ./source/telemetry/telemetry.o
 .debug_abbrev  0x00000382      0x201 ./source/telemetry/telemetry_uart.o
 .debug_abbrev  0x00000583      0x1e3 ./source/main.o
 .debug_abbrev  0x00000766       0x2c ./source/semihost_hardfault.o
 .debug_abbrev  0x00000792      0x435 ./drivers/fsl_clock.o
 .debug_abbrev  0x00000bc7      0x418 ./drivers/fsl_uart.o
 .debug_abbrev  0x00000fdf      0x278 ./board/clock_config.o
 .debug_abbrev  0x00001257      0x1ca ./board/pin_mux.o
 .debug_abbrev  0x00001421      0x139 ./CMSIS/system_MK64F12.o

.debug_loc      0x00000000     0x31d9
 .debug_loc     0x00000000      0x19a ./startup/startup_mk64f12.o
 .debug_loc     0x0000019a      0x5f7 ./source/telemetry/telemetry.o
 .debug_loc     0x00000791       0x79 ./source/telemetry/telemetry_uart.o
 .debug_loc     0x0000080a       0x4b ./source/main.o
 .debug_loc     0x00000855     0x1079 ./drivers/fsl_clock.o
 .debug_loc     0x000018ce     0x173e ./drivers/fsl_uart.o
 .debug_loc     0x0000300c       0x59 ./board/clock_config.o
 .debug_loc     0x00003065       0xb0 ./board/pin_mux.o
 .debug_loc     0x00003115       0xc4 ./CMSIS/system_MK64F12.o

.debug_aranges  0x00000000      0x748
 .debug_aranges
                0x00000000      0x308 ./startup/startup_mk64f12.o
 .debug_aranges
                0x00000308       0x70 ./source/telemetry/telemetry.o
 .debug_aranges
                0x00000378       0x38 ./source/telemetry/telemetry_uart.o
 .debug_aranges
                0x000003b0       0x40 ./source/main.o
 .debug_aranges
                0x000003f0       0x20 ./source/semihost_hardfault.o
 .debug_aranges
                0x00000410      0x190 ./drivers/fsl_clock.o
 .debug_aranges
                0x000005a0      0x138 ./drivers/fsl_uart.o
 .debug_aranges
                0x000006d8       0x28 ./board/clock_config.o
 .debug_aranges
                0x00000700       0x20 ./board/pin_mux.o
 .debug_aranges
                0x00000720       0x28 ./CMSIS/system_MK64F12.o

.debug_ranges   0x00000000      0x848
 .debug_ranges  0x00000000      0x2f8 ./startup/startup_mk64f12.o
 .debug_ranges  0x000002f8       0x60 ./source/telemetry/telemetry.o
 .debug_ranges  0x00000358       0x28 ./source/telemetry/telemetry_uart.o
 .debug_ranges  0x00000380       0x30 ./source/main.o
 .debug_ranges  0x000003b0       0x10 ./source/semihost_hardfault.o
 .debug_ranges  0x000003c0      0x248 ./drivers/fsl_clock.o
 .debug_ranges  0x00000608      0x188 ./drivers/fsl_uart.o
 .debug_ranges  0x00000790       0x78 ./board/clock_config.o
 .debug_ranges  0x00000808       0x28 ./board/pin_mux.o
 .debug_ranges  0x00000830       0x18 ./CMSIS/system_MK64F12.o

.debug_line     0x00000000     0x2456
 .debug_line    0x00000000      0x617 ./startup/startup_mk64f12.o
 .debug_line    0x00000617      0x2eb ./source/telemetry/telemetry.o
 .debug_line    0x00000902      0x25c ./source/telemetry/telemetry_uart.o
 .debug_line    0x00000b5e      0x322 ./source/main.o
 .debug_line    0x00000e80       0x50 ./source/semihost_hardfault.o
 .debug_line    0x00000ed0      0x85c ./drivers/fsl_clock.o
 .debug_line    0x0000172c      0x729 ./drivers/fsl_uart.o
 .debug_line    0x00001e55      0x28a ./board/clock_config.o
 .debug_line    0x000020df      0x202 ./board/pin_mux.o
 .debug_line    0x000022e1      0x175 ./CMSIS/system_MK64F12.o

.debug_str      0x00000000     0x4009
 .debug_str     0x00000000      0x943 ./startup/startup_mk64f12.o
                                0x965 (size before relaxing)
 .debug_str     0x00000943      0x2f6 ./source/telemetry/telemetry.o
                                0x4c7 (size before relaxing)
 .debug_str     0x00000c39      0x9c6 ./source/telemetry/telemetry_uart.o
                                0xc67 (size before relaxing)
 .debug_str     0x000015ff      0x3f6 ./source/main.o
                                0xc05 (size before relaxing)
 .debug_str     0x000019f5       0x1f ./source/semihost_hardfault.o
                                0x16c (size before relaxing)
 .debug_str     0x00001a14     0x10ad ./drivers/fsl_clock.o
                               0x1d10 (size before relaxing)
 .debug_str     0x00002ac1     0x10c6 ./drivers/fsl_uart.o
                               0x1e73 (size before relaxing)
 .debug_str     0x00003b87      0x237 ./board/clock_config.o
                                0xf53 (size before relaxing)
 .debug_str     0x00003dbe      0x155 ./board/pin_mux.o
                                0x71b (size before relaxing)
 .debug_str     0x00003f13       0xf6 ./CMSIS/system_MK64F12.o
                                0x40f (size before relaxing)

.comment        0x00000000       0x7f
 .comment       0x00000000       0x7f ./startup/startup_mk64f12.o
                                 0x80 (size before relaxing)
 .comment       0x0000007f       0x80 ./source/telemetry/telemetry.o
 .comment       0x0000007f       0x80 ./source/telemetry/telemetry_uart.o
 .comment       0x0000007f       0x80 ./source/main.o
 .comment       0x0000007f       0x80 ./source/semihost_hardfault.o
 .comment       0x0000007f       0x80 ./drivers/fsl_clock.o
 .comment       0x0000007f       0x80 ./drivers/fsl_uart.o
 .comment       0x0000007f       0x80 ./board/clock_config.o
 .comment       0x0000007f       0x80 ./board/pin_mux.o
 .comment       0x0000007f       0x80 ./CMSIS/system_MK64F12.o
 .comment       0x0000007f       0x80 c:/nxp/mcuxpressoide_10.1.0_589/ide/tools/bin/../lib/gcc/arm-none-eabi/6.3.1/../../../../arm-none-eabi/lib/thumb/v7e-m/fpv4-sp/hard\libcr_semihost_nf.a(_cr__main.o)
 .comment       0x0000007f       0x80 c:/nxp/mcuxpressoide_10.1.0_589/ide/tools/bin/../lib/gcc/arm-none-eabi/6.3.1/../../../../arm-none-eabi/lib/thumb/v7e-m/fpv4-sp/hard\libcr_c.a(memset.o)
 .comment       0x0000007f       0x80 c:/nxp/mcuxpressoide_10.1.0_589/ide/tools/bin/../lib/gcc/arm-none-eabi/6.3.1/../../../../arm-none-eabi/lib/thumb/v7e-m/fpv4-sp/hard\libcr_c.a(alloc.o)
 .comment       0x0000007f       0x80 c:/nxp/mcuxpressoide_10.1.0_589/ide/tools/bin/../lib/gcc/arm-none-eabi/6.3.1/../../../../arm-none-eabi/lib/thumb/v7e-m/fpv4-sp/hard\libcr_c.a(initio.o)
 .comment       0x0000007f       0x80 c:/nxp/mcuxpressoide_10.1.0_589/ide/tools/bin/../lib/gcc/arm-none-eabi/6.3.1/../../../../arm-none-eabi/lib/thumb/v7e-m/fpv4-sp/hard\libcr_c.a(setvbuf.o)
 .comment       0x0000007f       0x80 c:/nxp/mcuxpressoide_10.1.0_589/ide/tools/bin/../lib/gcc/arm-none-eabi/6.3.1/../../../../arm-none-eabi/lib/thumb/v7e-m/fpv4-sp/hard\libcr_c.a(strcmp.o)
 .comment       0x0000007f       0x80 c:/nxp/mcuxpressoide_10.1.0_589/ide/tools/bin/../lib/gcc/arm-none-eabi/6.3.1/../../../../arm-none-eabi/lib/thumb/v7e-m/fpv4-sp/hard\libcr_c.a(strcpy.o)
 .comment       0x0000007f       0x80 c:/nxp/mcuxpressoide_10.1.0_589/ide/tools/bin/../lib/gcc/arm-none-eabi/6.3.1/../../../../arm-none-eabi/lib/thumb/v7e-m/fpv4-sp/hard\libcr_c.a(strlen.o)
 .comment       0x0000007f       0x80 c:/nxp/mcuxpressoide_10.1.0_589/ide/tools/bin/../lib/gcc/arm-none-eabi/6.3.1/../../../../arm-none-eabi/lib/thumb/v7e-m/fpv4-sp/hard\libcr_c.a(__init_alloc.o)
 .comment       0x0000007f       0x80 c:/nxp/mcuxpressoide_10.1.0_589/ide/tools/bin/../lib/gcc/arm-none-eabi/6.3.1/../../../../arm-none-eabi/lib/thumb/v7e-m/fpv4-sp/hard\libcr_c.a(_cr_sbrk.o)
 .comment       0x0000007f       0x80 c:/nxp/mcuxpressoide_10.1.0_589/ide/tools/bin/../lib/gcc/arm-none-eabi/6.3.1/../../../../arm-none-eabi/lib/thumb/v7e-m/fpv4-sp/hard\libcr_c.a(_fdopen.o)
 .comment       0x0000007f       0x80 c:/nxp/mcuxpressoide_10.1.0_589/ide/tools/bin/../lib/gcc/arm-none-eabi/6.3.1/../../../../arm-none-eabi/lib/thumb/v7e-m/fpv4-sp/hard\libcr_c.a(errno.o)
 .comment       0x0000007f       0x80 c:/nxp/mcuxpressoide_10.1.0_589/ide/tools/bin/../lib/gcc/arm-none-eabi/6.3.1/../../../../arm-none-eabi/lib/thumb/v7e-m/fpv4-sp/hard\libcr_c.a(fclose.o)
 .comment       0x0000007f       0x80 c:/nxp/mcuxpressoide_10.1.0_589/ide/tools/bin/../lib/gcc/arm-none-eabi/6.3.1/../../../../arm-none-eabi/lib/thumb/v7e-m/fpv4-sp/hard\libcr_c.a(fflush.o)
 .comment       0x0000007f       0x80 c:/nxp/mcuxpressoide_10.1.0_589/ide/tools/bin/../lib/gcc/arm-none-eabi/6.3.1/../../../../arm-none-eabi/lib/thumb/v7e-m/fpv4-sp/hard\libcr_c.a(fseek.o)
 .comment       0x0000007f       0x80 c:/nxp/mcuxpressoide_10.1.0_589/ide/tools/bin/../lib/gcc/arm-none-eabi/6.3.1/../../../../arm-none-eabi/lib/thumb/v7e-m/fpv4-sp/hard\libcr_c.a(ftell.o)
 .comment       0x0000007f       0x80 c:/nxp/mcuxpressoide_10.1.0_589/ide/tools/bin/../lib/gcc/arm-none-eabi/6.3.1/../../../../arm-none-eabi/lib/thumb/v7e-m/fpv4-sp/hard\libcr_c.a(remove.o)
 .comment       0x0000007f       0x80 c:/nxp/mcuxpressoide_10.1.0_589/ide/tools/bin/../lib/gcc/arm-none-eabi/6.3.1/../../../../arm-none-eabi/lib/thumb/v7e-m/fpv4-sp/hard\libcr_c.a(_cr_check_heap.o)
 .comment       0x0000007f       0x80 c:/nxp/mcuxpressoide_10.1.0_589/ide/tools/bin/../lib/gcc/arm-none-eabi/6.3.1/../../../../arm-none-eabi/lib/thumb/v7e-m/fpv4-sp/hard\libcr_c.a(_do_fflush.o)
 .comment       0x0000007f       0x80 c:/nxp/mcuxpressoide_10.1.0_589/ide/tools/bin/../lib/gcc/arm-none-eabi/6.3.1/../../../../arm-none-eabi/lib/thumb/v7e-m/fpv4-sp/hard\libcr_c.a(_fflush.o)
 .comment       0x0000007f       0x80 c:/nxp/mcuxpressoide_10.1.0_589/ide/tools/bin/../lib/gcc/arm-none-eabi/6.3.1/../../../../arm-none-eabi/lib/thumb/v7e-m/fpv4-sp/hard\libcr_c.a(_writebuf.o)
 .comment       0x0000007f       0x80 c:/nxp/mcuxpressoide_10.1.0_589/ide/tools/bin/../lib/gcc/arm-none-eabi/6.3.1/../../../../arm-none-eabi/lib/thumb/v7e-m/fpv4-sp/hard\libcr_c.a(_deferredlazyseek.o)
 .comment       0x0000007f       0x80 c:/nxp/mcuxpressoide_10.1.0_589/ide/tools/bin/../lib/gcc/arm-none-eabi/6.3.1/../../../../arm-none-eabi/lib/thumb/v7e-m/fpv4-sp/hard\libcr_semihost_nf.a(__ciob.o)

.ARM.attributes
                0x00000000       0x37
 .ARM.attributes
                0x00000000       0x39 ./startup/startup_mk64f12.o
 .ARM.attributes
                0x00000039       0x39 ./source/telemetry/telemetry.o
 .ARM.attributes
                0x00000072       0x39 ./source/telemetry/telemetry_uart.o
 .ARM.attributes
                0x000000ab       0x39 ./source/main.o
 .ARM.attributes
                0x000000e4       0x39 ./source/semihost_hardfault.o
 .ARM.attributes
                0x0000011d       0x39 ./drivers/fsl_clock.o
 .ARM.attributes
                0x00000156       0x39 ./drivers/fsl_uart.o
 .ARM.attributes
                0x0000018f       0x39 ./board/clock_config.o
 .ARM.attributes
                0x000001c8       0x39 ./board/pin_mux.o
 .ARM.attributes
                0x00000201       0x39 ./CMSIS/system_MK64F12.o
 .ARM.attributes
                0x0000023a       0x39 c:/nxp/mcuxpressoide_10.1.0_589/ide/tools/bin/../lib/gcc/arm-none-eabi/6.3.1/../../../../arm-none-eabi/lib/thumb/v7e-m/fpv4-sp/hard\libcr_semihost_nf.a(_cr__main.o)
 .ARM.attributes
                0x00000273       0x39 c:/nxp/mcuxpressoide_10.1.0_589/ide/tools/bin/../lib/gcc/arm-none-eabi/6.3.1/../../../../arm-none-eabi/lib/thumb/v7e-m/fpv4-sp/hard\libcr_c.a(memset.o)
 .ARM.attributes
                0x000002ac       0x39 c:/nxp/mcuxpressoide_10.1.0_589/ide/tools/bin/../lib/gcc/arm-none-eabi/6.3.1/../../../../arm-none-eabi/lib/thumb/v7e-m/fpv4-sp/hard\libcr_c.a(alloc.o)
 .ARM.attributes
                0x000002e5       0x39 c:/nxp/mcuxpressoide_10.1.0_589/ide/tools/bin/../lib/gcc/arm-none-eabi/6.3.1/../../../../arm-none-eabi/lib/thumb/v7e-m/fpv4-sp/hard\libcr_c.a(initio.o)
 .ARM.attributes
                0x0000031e       0x39 c:/nxp/mcuxpressoide_10.1.0_589/ide/tools/bin/../lib/gcc/arm-none-eabi/6.3.1/../../../../arm-none-eabi/lib/thumb/v7e-m/fpv4-sp/hard\libcr_c.a(setvbuf.o)
 .ARM.attributes
                0x00000357       0x39 c:/nxp/mcuxpressoide_10.1.0_589/ide/tools/bin/../lib/gcc/arm-none-eabi/6.3.1/../../../../arm-none-eabi/lib/thumb/v7e-m/fpv4-sp/hard\libcr_c.a(strcmp.o)
 .ARM.attributes
                0x00000390       0x39 c:/nxp/mcuxpressoide_10.1.0_589/ide/tools/bin/../lib/gcc/arm-none-eabi/6.3.1/../../../../arm-none-eabi/lib/thumb/v7e-m/fpv4-sp/hard\libcr_c.a(strcpy.o)
 .ARM.attributes
                0x000003c9       0x39 c:/nxp/mcuxpressoide_10.1.0_589/ide/tools/bin/../lib/gcc/arm-none-eabi/6.3.1/../../../../arm-none-eabi/lib/thumb/v7e-m/fpv4-sp/hard\libcr_c.a(strlen.o)
 .ARM.attributes
                0x00000402       0x39 c:/nxp/mcuxpressoide_10.1.0_589/ide/tools/bin/../lib/gcc/arm-none-eabi/6.3.1/../../../../arm-none-eabi/lib/thumb/v7e-m/fpv4-sp/hard\libcr_c.a(__init_alloc.o)
 .ARM.attributes
                0x0000043b       0x39 c:/nxp/mcuxpressoide_10.1.0_589/ide/tools/bin/../lib/gcc/arm-none-eabi/6.3.1/../../../../arm-none-eabi/lib/thumb/v7e-m/fpv4-sp/hard\libcr_c.a(_cr_sbrk.o)
 .ARM.attributes
                0x00000474       0x39 c:/nxp/mcuxpressoide_10.1.0_589/ide/tools/bin/../lib/gcc/arm-none-eabi/6.3.1/../../../../arm-none-eabi/lib/thumb/v7e-m/fpv4-sp/hard\libcr_c.a(_fdopen.o)
 .ARM.attributes
                0x000004ad       0x39 c:/nxp/mcuxpressoide_10.1.0_589/ide/tools/bin/../lib/gcc/arm-none-eabi/6.3.1/../../../../arm-none-eabi/lib/thumb/v7e-m/fpv4-sp/hard\libcr_c.a(errno.o)
 .ARM.attributes
                0x000004e6       0x39 c:/nxp/mcuxpressoide_10.1.0_589/ide/tools/bin/../lib/gcc/arm-none-eabi/6.3.1/../../../../arm-none-eabi/lib/thumb/v7e-m/fpv4-sp/hard\libcr_c.a(fclose.o)
 .ARM.attributes
                0x0000051f       0x39 c:/nxp/mcuxpressoide_10.1.0_589/ide/tools/bin/../lib/gcc/arm-none-eabi/6.3.1/../../../../arm-none-eabi/lib/thumb/v7e-m/fpv4-sp/hard\libcr_c.a(fflush.o)
 .ARM.attributes
                0x00000558       0x39 c:/nxp/mcuxpressoide_10.1.0_589/ide/tools/bin/../lib/gcc/arm-none-eabi/6.3.1/../../../../arm-none-eabi/lib/thumb/v7e-m/fpv4-sp/hard\libcr_c.a(fseek.o)
 .ARM.attributes
                0x00000591       0x39 c:/nxp/mcuxpressoide_10.1.0_589/ide/tools/bin/../lib/gcc/arm-none-eabi/6.3.1/../../../../arm-none-eabi/lib/thumb/v7e-m/fpv4-sp/hard\libcr_c.a(ftell.o)
 .ARM.attributes
                0x000005ca       0x39 c:/nxp/mcuxpressoide_10.1.0_589/ide/tools/bin/../lib/gcc/arm-none-eabi/6.3.1/../../../../arm-none-eabi/lib/thumb/v7e-m/fpv4-sp/hard\libcr_c.a(remove.o)
 .ARM.attributes
                0x00000603       0x39 c:/nxp/mcuxpressoide_10.1.0_589/ide/tools/bin/../lib/gcc/arm-none-eabi/6.3.1/../../../../arm-none-eabi/lib/thumb/v7e-m/fpv4-sp/hard\libcr_c.a(_cr_check_heap.o)
 .ARM.attributes
                0x0000063c       0x39 c:/nxp/mcuxpressoide_10.1.0_589/ide/tools/bin/../lib/gcc/arm-none-eabi/6.3.1/../../../../arm-none-eabi/lib/thumb/v7e-m/fpv4-sp/hard\libcr_c.a(_do_fflush.o)
 .ARM.attributes
                0x00000675       0x39 c:/nxp/mcuxpressoide_10.1.0_589/ide/tools/bin/../lib/gcc/arm-none-eabi/6.3.1/../../../../arm-none-eabi/lib/thumb/v7e-m/fpv4-sp/hard\libcr_c.a(_fflush.o)
 .ARM.attributes
                0x000006ae       0x39 c:/nxp/mcuxpressoide_10.1.0_589/ide/tools/bin/../lib/gcc/arm-none-eabi/6.3.1/../../../../arm-none-eabi/lib/thumb/v7e-m/fpv4-sp/hard\libcr_c.a(_writebuf.o)
 .ARM.attributes
                0x000006e7       0x39 c:/nxp/mcuxpressoide_10.1.0_589/ide/tools/bin/../lib/gcc/arm-none-eabi/6.3.1/../../../../arm-none-eabi/lib/thumb/v7e-m/fpv4-sp/hard\libcr_c.a(_deferredlazyseek.o)
 .ARM.attributes
                0x00000720       0x25 c:/nxp/mcuxpressoide_10.1.0_589/ide/tools/bin/../lib/gcc/arm-none-eabi/6.3.1/thumb/v7e-m/fpv4-sp/hard\libcr_eabihelpers.a(memcpy.o)
 .ARM.attributes
                0x00000745       0x39 c:/nxp/mcuxpressoide_10.1.0_589/ide/tools/bin/../lib/gcc/arm-none-eabi/6.3.1/../../../../arm-none-eabi/lib/thumb/v7e-m/fpv4-sp/hard\libcr_semihost_nf.a(__ciob.o)
 .ARM.attributes
                0x0000077e       0x25 c:/nxp/mcuxpressoide_10.1.0_589/ide/tools/bin/../lib/gcc/arm-none-eabi/6.3.1/../../../../arm-none-eabi/lib/thumb/v7e-m/fpv4-sp/hard\libcr_semihost_nf.a(__sys_close.o)
 .ARM.attributes
                0x000007a3       0x25 c:/nxp/mcuxpressoide_10.1.0_589/ide/tools/bin/../lib/gcc/arm-none-eabi/6.3.1/../../../../arm-none-eabi/lib/thumb/v7e-m/fpv4-sp/hard\libcr_semihost_nf.a(__sys_flen.o)
 .ARM.attributes
                0x000007c8       0x25 c:/nxp/mcuxpressoide_10.1.0_589/ide/tools/bin/../lib/gcc/arm-none-eabi/6.3.1/../../../../arm-none-eabi/lib/thumb/v7e-m/fpv4-sp/hard\libcr_semihost_nf.a(__sys_istty.o)
 .ARM.attributes
                0x000007ed       0x25 c:/nxp/mcuxpressoide_10.1.0_589/ide/tools/bin/../lib/gcc/arm-none-eabi/6.3.1/../../../../arm-none-eabi/lib/thumb/v7e-m/fpv4-sp/hard\libcr_semihost_nf.a(__sys_remove.o)
 .ARM.attributes
                0x00000812       0x25 c:/nxp/mcuxpressoide_10.1.0_589/ide/tools/bin/../lib/gcc/arm-none-eabi/6.3.1/../../../../arm-none-eabi/lib/thumb/v7e-m/fpv4-sp/hard\libcr_semihost_nf.a(__sys_seek.o)
 .ARM.attributes
                0x00000837       0x25 c:/nxp/mcuxpressoide_10.1.0_589/ide/tools/bin/../lib/gcc/arm-none-eabi/6.3.1/../../../../arm-none-eabi/lib/thumb/v7e-m/fpv4-sp/hard\libcr_semihost_nf.a(__sys_tmpnam.o)
 .ARM.attributes
                0x0000085c       0x25 c:/nxp/mcuxpressoide_10.1.0_589/ide/tools/bin/../lib/gcc/arm-none-eabi/6.3.1/../../../../arm-none-eabi/lib/thumb/v7e-m/fpv4-sp/hard\libcr_semihost_nf.a(__sys_write.o)

.debug_frame    0x00000000     0x140c
 .debug_frame   0x00000000      0x90c ./startup/startup_mk64f12.o
 .debug_frame   0x0000090c      0x184 ./source/telemetry/telemetry.o
 .debug_frame   0x00000a90       0x78 ./source/telemetry/telemetry_uart.o
 .debug_frame   0x00000b08       0x74 ./source/main.o
 .debug_frame   0x00000b7c       0x20 ./source/semihost_hardfault.o
 .debug_frame   0x00000b9c      0x494 ./drivers/fsl_clock.o
 .debug_frame   0x00001030      0x34c ./drivers/fsl_uart.o
 .debug_frame   0x0000137c       0x40 ./board/clock_config.o
 .debug_frame   0x000013bc       0x20 ./board/pin_mux.o
 .debug_frame   0x000013dc       0x30 ./CMSIS/system_MK64F12.o
